
> frontend@0.0.0 build
> vite build

[36mvite v7.0.4 [32mbuilding for production...[36m[39m
transforming...
[32mΓ£ô[39m 527 modules transformed.
node.exe : 
[31mΓ£ù[39m Build 
failed in 2.07s
At line:1 char:1
+ & "C:\Program 
Files\nodejs/node.exe" 
"C:\Users\Nitin 
Chaturvedi\AppDa ...
+ ~~~~~~~~~~~~~~~~~~~~~
~~~~~~~~~~~~~~~~~~~~~~~
~~~~~~~~~~~~~~~~~~~~~~~
~~
    + CategoryInfo     
         : NotSpecifi  
  ed: ([31mΓ£ù[39m   
  Build failed in 2    
.07s:String) [], R    
emoteException
    + FullyQualifiedEr 
   rorId : NativeComm  
  andError
 
[31merror during 
build:
[31msrc/pages/Work.jsx
 (3:36): "FiCommit" is 
not exported by "node_m
odules/react-icons/fi/i
ndex.mjs", imported by 
"src/pages/Work.jsx".[
31m
file: [36mE:/CodeStora
ge/MainPortfolio/Portfo
lioNitinChaturvedi/fron
tend/src/pages/Work.jsx
:3:36[31m
[33m
1: import React from 
'react';
2: import { motion } 
from 'framer-motion';
3: import { 
FiBriefcase, 
FiArrowRight, FiCommit 
} from 
'react-icons/fi';
                       
                ^
4: import 
GridBackground from '..
/components/common/Grid
Background';
[31m
    at getRollupError (
file:///E:/CodeStorage/
MainPortfolio/Portfolio
NitinChaturvedi/fronten
d/node_modules/rollup/d
ist/es/shared/parseAst.
js:401:41)
    at error (file:///E
:/CodeStorage/MainPortf
olio/PortfolioNitinChat
urvedi/frontend/node_mo
dules/rollup/dist/es/sh
ared/parseAst.js:397:42
)
    at Module.error (fi
le:///E:/CodeStorage/Ma
inPortfolio/PortfolioNi
tinChaturvedi/frontend/
node_modules/rollup/dis
t/es/shared/node-entry.
js:16803:16)
    at 
Module.traceVariable (f
ile:///E:/CodeStorage/M
ainPortfolio/PortfolioN
itinChaturvedi/frontend
/node_modules/rollup/di
st/es/shared/node-entry
.js:17252:29)
    at ModuleScope.find
Variable (file:///E:/Co
deStorage/MainPortfolio
/PortfolioNitinChaturve
di/frontend/node_module
s/rollup/dist/es/shared
/node-entry.js:14901:39
)
    at ReturnValueScope
.findVariable (file:///
E:/CodeStorage/MainPort
folio/PortfolioNitinCha
turvedi/frontend/node_m
odules/rollup/dist/es/s
hared/node-entry.js:562
0:38)
    at FunctionBodyScop
e.findVariable (file://
/E:/CodeStorage/MainPor
tfolio/PortfolioNitinCh
aturvedi/frontend/node_
modules/rollup/dist/es/
shared/node-entry.js:56
20:38)
    at ReturnValueScope
.findVariable (file:///
E:/CodeStorage/MainPort
folio/PortfolioNitinCha
turvedi/frontend/node_m
odules/rollup/dist/es/s
hared/node-entry.js:562
0:38)
    at FunctionBodyScop
e.findVariable (file://
/E:/CodeStorage/MainPor
tfolio/PortfolioNitinCh
aturvedi/frontend/node_
modules/rollup/dist/es/
shared/node-entry.js:56
20:38)
    at Identifier.bind 
(file:///E:/CodeStorage
/MainPortfolio/Portfoli
oNitinChaturvedi/fronte
nd/node_modules/rollup/
dist/es/shared/node-ent
ry.js:5394:40)[39m
